[09-09 15:40:49]: [INFO] Created column 'regdate' and set the current timestamp, 1757446849657, to all 0 rows
[09-09 15:40:50]: [INFO] SQLite Setup finished
[09-09 15:40:50]: [INFO] Hooked into LuckPerms!
[09-09 15:40:52]: [INFO] Hooked successfully into Essentials
[09-09 15:40:52]: [INFO] Essentials spawn file not found: '/home/sefa/Desktop/mc-sv-paper/plugins/Essentials/spawn.yml'
[09-09 15:40:52]: [WARN] WARNING! The protectInventory feature requires ProtocolLib! Disabling it...
[09-09 15:40:53]: [INFO] AuthMe 5.6.0 build n.CUSTOM successfully enabled!
[09-09 15:40:58]: [INFO] Downloading GEO IP database, because the old database is older than 30 days or doesn't exist
[09-09 15:40:58]: [WARN] No MaxMind credentials found in the configuration file! GeoIp protections will be disabled.
[09-09 15:40:58]: [INFO] There is no newer GEO IP database uploaded to MaxMind. Using the old one for now.
[09-09 15:40:59]: [WARN] Could not download GeoLiteAPI database [FileNotFoundException]: plugins/AuthMe/GeoLite2-Country.mmdb (No such file or directory)
[09-09 15:40:59]: java.io.FileNotFoundException: plugins/AuthMe/GeoLite2-Country.mmdb (No such file or directory)
	at java.base/java.io.RandomAccessFile.open0(Native Method)
	at java.base/java.io.RandomAccessFile.open(RandomAccessFile.java:356)
	at java.base/java.io.RandomAccessFile.<init>(RandomAccessFile.java:273)
	at java.base/java.io.RandomAccessFile.<init>(RandomAccessFile.java:223)
	at AuthMe-5.6.0.jar//fr.xephi.authme.libs.com.maxmind.db.BufferHolder.<init>(BufferHolder.java:20)
	at AuthMe-5.6.0.jar//fr.xephi.authme.libs.com.maxmind.db.Reader.<init>(Reader.java:121)
	at AuthMe-5.6.0.jar//fr.xephi.authme.service.GeoIpService.startReading(GeoIpService.java:179)
	at AuthMe-5.6.0.jar//fr.xephi.authme.service.GeoIpService.updateDatabase(GeoIpService.java:150)
	at org.bukkit.craftbukkit.scheduler.CraftTask.run(CraftTask.java:78)
	at org.bukkit.craftbukkit.scheduler.CraftAsyncTask.run(CraftAsyncTask.java:57)
	at com.destroystokyo.paper.ServerSchedulerReportingWrapper.run(ServerSchedulerReportingWrapper.java:22)
	at java.base/java.util.concurrent.ThreadPoolExecutor.runWorker(ThreadPoolExecutor.java:1144)
	at java.base/java.util.concurrent.ThreadPoolExecutor$Worker.run(ThreadPoolExecutor.java:642)
	at java.base/java.lang.Thread.run(Thread.java:1583)

[09-09 15:43:19]: [INFO] AuthMe 5.6.0-bCUSTOM disabled!
[09-09 16:16:37]: [INFO] SQLite Setup finished
[09-09 16:16:38]: [INFO] Hooked into LuckPerms!
[09-09 16:16:39]: [INFO] Hooked successfully into Essentials
[09-09 16:16:39]: [INFO] Essentials spawn file not found: '/home/sefa/Desktop/mc-sv-paper/plugins/Essentials/spawn.yml'
[09-09 16:16:40]: [WARN] WARNING! The protectInventory feature requires ProtocolLib! Disabling it...
[09-09 16:16:42]: [INFO] AuthMe 5.6.0 build n.CUSTOM successfully enabled!
[09-09 16:16:48]: [INFO] Downloading GEO IP database, because the old database is older than 30 days or doesn't exist
[09-09 16:16:48]: [WARN] No MaxMind credentials found in the configuration file! GeoIp protections will be disabled.
[09-09 16:16:48]: [INFO] There is no newer GEO IP database uploaded to MaxMind. Using the old one for now.
[09-09 16:16:49]: [WARN] Could not download GeoLiteAPI database [FileNotFoundException]: plugins/AuthMe/GeoLite2-Country.mmdb (No such file or directory)
[09-09 16:16:49]: java.io.FileNotFoundException: plugins/AuthMe/GeoLite2-Country.mmdb (No such file or directory)
	at java.base/java.io.RandomAccessFile.open0(Native Method)
	at java.base/java.io.RandomAccessFile.open(RandomAccessFile.java:356)
	at java.base/java.io.RandomAccessFile.<init>(RandomAccessFile.java:273)
	at java.base/java.io.RandomAccessFile.<init>(RandomAccessFile.java:223)
	at AuthMe-5.6.0.jar//fr.xephi.authme.libs.com.maxmind.db.BufferHolder.<init>(BufferHolder.java:20)
	at AuthMe-5.6.0.jar//fr.xephi.authme.libs.com.maxmind.db.Reader.<init>(Reader.java:121)
	at AuthMe-5.6.0.jar//fr.xephi.authme.service.GeoIpService.startReading(GeoIpService.java:179)
	at AuthMe-5.6.0.jar//fr.xephi.authme.service.GeoIpService.updateDatabase(GeoIpService.java:150)
	at org.bukkit.craftbukkit.scheduler.CraftTask.run(CraftTask.java:78)
	at org.bukkit.craftbukkit.scheduler.CraftAsyncTask.run(CraftAsyncTask.java:57)
	at com.destroystokyo.paper.ServerSchedulerReportingWrapper.run(ServerSchedulerReportingWrapper.java:22)
	at java.base/java.util.concurrent.ThreadPoolExecutor.runWorker(ThreadPoolExecutor.java:1144)
	at java.base/java.util.concurrent.ThreadPoolExecutor$Worker.run(ThreadPoolExecutor.java:642)
	at java.base/java.lang.Thread.run(Thread.java:1583)

[09-09 16:17:49]: [FINE] eXceps registered 45.135.204.19
[09-09 16:17:50]: [FINE] eXceps logged in 45.135.204.19
[09-09 16:31:11]: [FINE] orang registered 78.174.207.233
[09-09 16:31:11]: [FINE] orang logged in 78.174.207.233
[09-09 16:57:55]: [FINE] TheWarriorExe registered 85.107.102.28
[09-09 16:57:55]: [FINE] TheWarriorExe logged in 85.107.102.28
[09-09 17:14:11]: [FINE] TheWarriorExe logged in 85.107.102.28
[09-09 17:15:36]: [FINE] eXceps used the wrong password
[09-09 17:16:43]: [FINE] TheWarriorExe logged in 85.107.102.28
[09-09 17:17:26]: [FINE] eXceps logged in 45.135.204.19
[09-09 17:42:46]: [INFO] SQLite Setup finished
[09-09 17:42:46]: [INFO] Hooked into LuckPerms!
[09-09 17:42:47]: [INFO] Hooked successfully into Essentials
[09-09 17:42:47]: [INFO] Essentials spawn file not found: '/home/sefa/Desktop/mc-sv-paper/plugins/Essentials/spawn.yml'
[09-09 17:42:48]: [WARN] WARNING! The protectInventory feature requires ProtocolLib! Disabling it...
[09-09 17:42:50]: [INFO] AuthMe 5.6.0 build n.CUSTOM successfully enabled!
[09-09 17:42:56]: [INFO] Downloading GEO IP database, because the old database is older than 30 days or doesn't exist
[09-09 17:42:56]: [WARN] No MaxMind credentials found in the configuration file! GeoIp protections will be disabled.
[09-09 17:42:56]: [INFO] There is no newer GEO IP database uploaded to MaxMind. Using the old one for now.
[09-09 17:42:56]: [WARN] Could not download GeoLiteAPI database [FileNotFoundException]: plugins/AuthMe/GeoLite2-Country.mmdb (No such file or directory)
[09-09 17:42:56]: java.io.FileNotFoundException: plugins/AuthMe/GeoLite2-Country.mmdb (No such file or directory)
	at java.base/java.io.RandomAccessFile.open0(Native Method)
	at java.base/java.io.RandomAccessFile.open(RandomAccessFile.java:356)
	at java.base/java.io.RandomAccessFile.<init>(RandomAccessFile.java:273)
	at java.base/java.io.RandomAccessFile.<init>(RandomAccessFile.java:223)
	at AuthMe-5.6.0.jar//fr.xephi.authme.libs.com.maxmind.db.BufferHolder.<init>(BufferHolder.java:20)
	at AuthMe-5.6.0.jar//fr.xephi.authme.libs.com.maxmind.db.Reader.<init>(Reader.java:121)
	at AuthMe-5.6.0.jar//fr.xephi.authme.service.GeoIpService.startReading(GeoIpService.java:179)
	at AuthMe-5.6.0.jar//fr.xephi.authme.service.GeoIpService.updateDatabase(GeoIpService.java:150)
	at org.bukkit.craftbukkit.scheduler.CraftTask.run(CraftTask.java:78)
	at org.bukkit.craftbukkit.scheduler.CraftAsyncTask.run(CraftAsyncTask.java:57)
	at com.destroystokyo.paper.ServerSchedulerReportingWrapper.run(ServerSchedulerReportingWrapper.java:22)
	at java.base/java.util.concurrent.ThreadPoolExecutor.runWorker(ThreadPoolExecutor.java:1144)
	at java.base/java.util.concurrent.ThreadPoolExecutor$Worker.run(ThreadPoolExecutor.java:642)
	at java.base/java.lang.Thread.run(Thread.java:1583)

[09-09 18:33:21]: [INFO] SQLite Setup finished
[09-09 18:33:22]: [INFO] Hooked into LuckPerms!
[09-09 18:33:22]: [INFO] Hooked successfully into Essentials
[09-09 18:33:22]: [INFO] Essentials spawn file not found: '/home/sefa/Desktop/mc-sv-paper/plugins/Essentials/spawn.yml'
[09-09 18:33:23]: [WARN] WARNING! The protectInventory feature requires ProtocolLib! Disabling it...
[09-09 18:33:25]: [INFO] AuthMe 5.6.0 build n.CUSTOM successfully enabled!
[09-09 18:33:31]: [INFO] Downloading GEO IP database, because the old database is older than 30 days or doesn't exist
[09-09 18:33:31]: [WARN] No MaxMind credentials found in the configuration file! GeoIp protections will be disabled.
[09-09 18:33:31]: [INFO] There is no newer GEO IP database uploaded to MaxMind. Using the old one for now.
[09-09 18:33:31]: [WARN] Could not download GeoLiteAPI database [FileNotFoundException]: plugins/AuthMe/GeoLite2-Country.mmdb (No such file or directory)
[09-09 18:33:31]: java.io.FileNotFoundException: plugins/AuthMe/GeoLite2-Country.mmdb (No such file or directory)
	at java.base/java.io.RandomAccessFile.open0(Native Method)
	at java.base/java.io.RandomAccessFile.open(RandomAccessFile.java:356)
	at java.base/java.io.RandomAccessFile.<init>(RandomAccessFile.java:273)
	at java.base/java.io.RandomAccessFile.<init>(RandomAccessFile.java:223)
	at AuthMe-5.6.0.jar//fr.xephi.authme.libs.com.maxmind.db.BufferHolder.<init>(BufferHolder.java:20)
	at AuthMe-5.6.0.jar//fr.xephi.authme.libs.com.maxmind.db.Reader.<init>(Reader.java:121)
	at AuthMe-5.6.0.jar//fr.xephi.authme.service.GeoIpService.startReading(GeoIpService.java:179)
	at AuthMe-5.6.0.jar//fr.xephi.authme.service.GeoIpService.updateDatabase(GeoIpService.java:150)
	at org.bukkit.craftbukkit.scheduler.CraftTask.run(CraftTask.java:78)
	at org.bukkit.craftbukkit.scheduler.CraftAsyncTask.run(CraftAsyncTask.java:57)
	at com.destroystokyo.paper.ServerSchedulerReportingWrapper.run(ServerSchedulerReportingWrapper.java:22)
	at java.base/java.util.concurrent.ThreadPoolExecutor.runWorker(ThreadPoolExecutor.java:1144)
	at java.base/java.util.concurrent.ThreadPoolExecutor$Worker.run(ThreadPoolExecutor.java:642)
	at java.base/java.lang.Thread.run(Thread.java:1583)

[09-09 18:33:59]: [FINE] eXceps logged in 45.135.204.19
[09-09 20:21:59]: [INFO] SQLite Setup finished
[09-09 20:22:00]: [INFO] Hooked into LuckPerms!
[09-09 20:22:01]: [INFO] Hooked successfully into Essentials
[09-09 20:22:01]: [INFO] Essentials spawn file not found: '/home/sefa/Desktop/mc-sv-paper/plugins/Essentials/spawn.yml'
[09-09 20:22:02]: [WARN] WARNING! The protectInventory feature requires ProtocolLib! Disabling it...
[09-09 20:22:05]: [INFO] AuthMe 5.6.0 build n.CUSTOM successfully enabled!
[09-09 20:22:13]: [INFO] Downloading GEO IP database, because the old database is older than 30 days or doesn't exist
[09-09 20:22:13]: [WARN] No MaxMind credentials found in the configuration file! GeoIp protections will be disabled.
[09-09 20:22:13]: [INFO] There is no newer GEO IP database uploaded to MaxMind. Using the old one for now.
[09-09 20:22:13]: [WARN] Could not download GeoLiteAPI database [FileNotFoundException]: plugins/AuthMe/GeoLite2-Country.mmdb (No such file or directory)
[09-09 20:22:13]: java.io.FileNotFoundException: plugins/AuthMe/GeoLite2-Country.mmdb (No such file or directory)
	at java.base/java.io.RandomAccessFile.open0(Native Method)
	at java.base/java.io.RandomAccessFile.open(RandomAccessFile.java:356)
	at java.base/java.io.RandomAccessFile.<init>(RandomAccessFile.java:273)
	at java.base/java.io.RandomAccessFile.<init>(RandomAccessFile.java:223)
	at AuthMe-5.6.0.jar//fr.xephi.authme.libs.com.maxmind.db.BufferHolder.<init>(BufferHolder.java:20)
	at AuthMe-5.6.0.jar//fr.xephi.authme.libs.com.maxmind.db.Reader.<init>(Reader.java:121)
	at AuthMe-5.6.0.jar//fr.xephi.authme.service.GeoIpService.startReading(GeoIpService.java:179)
	at AuthMe-5.6.0.jar//fr.xephi.authme.service.GeoIpService.updateDatabase(GeoIpService.java:150)
	at org.bukkit.craftbukkit.scheduler.CraftTask.run(CraftTask.java:78)
	at org.bukkit.craftbukkit.scheduler.CraftAsyncTask.run(CraftAsyncTask.java:57)
	at com.destroystokyo.paper.ServerSchedulerReportingWrapper.run(ServerSchedulerReportingWrapper.java:22)
	at java.base/java.util.concurrent.ThreadPoolExecutor.runWorker(ThreadPoolExecutor.java:1144)
	at java.base/java.util.concurrent.ThreadPoolExecutor$Worker.run(ThreadPoolExecutor.java:642)
	at java.base/java.lang.Thread.run(Thread.java:1583)

[09-10 05:00:31]: [INFO] AuthMe 5.6.0-bCUSTOM disabled!
[09-10 05:05:17]: [INFO] SQLite Setup finished
[09-10 05:05:18]: [INFO] Hooked into LuckPerms!
[09-10 05:05:18]: [INFO] Hooked successfully into Essentials
[09-10 05:05:19]: [INFO] Essentials spawn file not found: '/home/sefa/Desktop/mc-sv-paper/plugins/Essentials/spawn.yml'
[09-10 05:05:20]: [WARN] WARNING! The protectInventory feature requires ProtocolLib! Disabling it...
[09-10 05:05:22]: [INFO] AuthMe 5.6.0 build n.CUSTOM successfully enabled!
[09-10 05:05:27]: [INFO] Downloading GEO IP database, because the old database is older than 30 days or doesn't exist
[09-10 05:05:27]: [WARN] No MaxMind credentials found in the configuration file! GeoIp protections will be disabled.
[09-10 05:05:27]: [INFO] There is no newer GEO IP database uploaded to MaxMind. Using the old one for now.
[09-10 05:05:28]: [WARN] Could not download GeoLiteAPI database [FileNotFoundException]: plugins/AuthMe/GeoLite2-Country.mmdb (No such file or directory)
[09-10 05:05:28]: java.io.FileNotFoundException: plugins/AuthMe/GeoLite2-Country.mmdb (No such file or directory)
	at java.base/java.io.RandomAccessFile.open0(Native Method)
	at java.base/java.io.RandomAccessFile.open(RandomAccessFile.java:356)
	at java.base/java.io.RandomAccessFile.<init>(RandomAccessFile.java:273)
	at java.base/java.io.RandomAccessFile.<init>(RandomAccessFile.java:223)
	at AuthMe-5.6.0.jar//fr.xephi.authme.libs.com.maxmind.db.BufferHolder.<init>(BufferHolder.java:20)
	at AuthMe-5.6.0.jar//fr.xephi.authme.libs.com.maxmind.db.Reader.<init>(Reader.java:121)
	at AuthMe-5.6.0.jar//fr.xephi.authme.service.GeoIpService.startReading(GeoIpService.java:179)
	at AuthMe-5.6.0.jar//fr.xephi.authme.service.GeoIpService.updateDatabase(GeoIpService.java:150)
	at org.bukkit.craftbukkit.scheduler.CraftTask.run(CraftTask.java:78)
	at org.bukkit.craftbukkit.scheduler.CraftAsyncTask.run(CraftAsyncTask.java:57)
	at com.destroystokyo.paper.ServerSchedulerReportingWrapper.run(ServerSchedulerReportingWrapper.java:22)
	at java.base/java.util.concurrent.ThreadPoolExecutor.runWorker(ThreadPoolExecutor.java:1144)
	at java.base/java.util.concurrent.ThreadPoolExecutor$Worker.run(ThreadPoolExecutor.java:642)
	at java.base/java.lang.Thread.run(Thread.java:1583)

[09-10 05:44:26]: [FINE] eXceps logged in 45.135.204.19
[09-10 06:40:07]: [FINE] TheWarriorExe logged in 85.107.102.28
[09-10 06:59:55]: [INFO] SQLite Setup finished
[09-10 06:59:55]: [INFO] Hooked into LuckPerms!
[09-10 06:59:56]: [INFO] Hooked successfully into Essentials
[09-10 06:59:56]: [INFO] Essentials spawn file not found: '/home/sefa/Desktop/mc-sv-paper/plugins/Essentials/spawn.yml'
[09-10 06:59:57]: [WARN] WARNING! The protectInventory feature requires ProtocolLib! Disabling it...
[09-10 06:59:58]: [INFO] AuthMe 5.6.0 build n.CUSTOM successfully enabled!
[09-10 07:00:03]: [INFO] Downloading GEO IP database, because the old database is older than 30 days or doesn't exist
[09-10 07:00:03]: [WARN] No MaxMind credentials found in the configuration file! GeoIp protections will be disabled.
[09-10 07:00:03]: [INFO] There is no newer GEO IP database uploaded to MaxMind. Using the old one for now.
[09-10 07:00:03]: [WARN] Could not download GeoLiteAPI database [FileNotFoundException]: plugins/AuthMe/GeoLite2-Country.mmdb (No such file or directory)
[09-10 07:00:03]: java.io.FileNotFoundException: plugins/AuthMe/GeoLite2-Country.mmdb (No such file or directory)
	at java.base/java.io.RandomAccessFile.open0(Native Method)
	at java.base/java.io.RandomAccessFile.open(RandomAccessFile.java:356)
	at java.base/java.io.RandomAccessFile.<init>(RandomAccessFile.java:273)
	at java.base/java.io.RandomAccessFile.<init>(RandomAccessFile.java:223)
	at AuthMe-5.6.0.jar//fr.xephi.authme.libs.com.maxmind.db.BufferHolder.<init>(BufferHolder.java:20)
	at AuthMe-5.6.0.jar//fr.xephi.authme.libs.com.maxmind.db.Reader.<init>(Reader.java:121)
	at AuthMe-5.6.0.jar//fr.xephi.authme.service.GeoIpService.startReading(GeoIpService.java:179)
	at AuthMe-5.6.0.jar//fr.xephi.authme.service.GeoIpService.updateDatabase(GeoIpService.java:150)
	at org.bukkit.craftbukkit.scheduler.CraftTask.run(CraftTask.java:78)
	at org.bukkit.craftbukkit.scheduler.CraftAsyncTask.run(CraftAsyncTask.java:57)
	at com.destroystokyo.paper.ServerSchedulerReportingWrapper.run(ServerSchedulerReportingWrapper.java:22)
	at java.base/java.util.concurrent.ThreadPoolExecutor.runWorker(ThreadPoolExecutor.java:1144)
	at java.base/java.util.concurrent.ThreadPoolExecutor$Worker.run(ThreadPoolExecutor.java:642)
	at java.base/java.lang.Thread.run(Thread.java:1583)

[09-10 14:49:09]: [INFO] AuthMe 5.6.0-bCUSTOM disabled!
[09-10 15:09:38]: [INFO] SQLite Setup finished
[09-10 15:09:39]: [INFO] Hooked into LuckPerms!
[09-10 15:09:39]: [INFO] Hooked successfully into Essentials
[09-10 15:09:40]: [INFO] Essentials spawn file not found: '/home/sefa/Desktop/mc-sv-paper/plugins/Essentials/spawn.yml'
[09-10 15:09:41]: [WARN] WARNING! The protectInventory feature requires ProtocolLib! Disabling it...
[09-10 15:09:42]: [INFO] AuthMe 5.6.0 build n.CUSTOM successfully enabled!
[09-10 15:09:48]: [INFO] Downloading GEO IP database, because the old database is older than 30 days or doesn't exist
[09-10 15:09:48]: [WARN] No MaxMind credentials found in the configuration file! GeoIp protections will be disabled.
[09-10 15:09:48]: [INFO] There is no newer GEO IP database uploaded to MaxMind. Using the old one for now.
[09-10 15:09:48]: [WARN] Could not download GeoLiteAPI database [FileNotFoundException]: plugins/AuthMe/GeoLite2-Country.mmdb (No such file or directory)
[09-10 15:09:48]: java.io.FileNotFoundException: plugins/AuthMe/GeoLite2-Country.mmdb (No such file or directory)
	at java.base/java.io.RandomAccessFile.open0(Native Method)
	at java.base/java.io.RandomAccessFile.open(RandomAccessFile.java:356)
	at java.base/java.io.RandomAccessFile.<init>(RandomAccessFile.java:273)
	at java.base/java.io.RandomAccessFile.<init>(RandomAccessFile.java:223)
	at AuthMe-5.6.0.jar//fr.xephi.authme.libs.com.maxmind.db.BufferHolder.<init>(BufferHolder.java:20)
	at AuthMe-5.6.0.jar//fr.xephi.authme.libs.com.maxmind.db.Reader.<init>(Reader.java:121)
	at AuthMe-5.6.0.jar//fr.xephi.authme.service.GeoIpService.startReading(GeoIpService.java:179)
	at AuthMe-5.6.0.jar//fr.xephi.authme.service.GeoIpService.updateDatabase(GeoIpService.java:150)
	at org.bukkit.craftbukkit.scheduler.CraftTask.run(CraftTask.java:78)
	at org.bukkit.craftbukkit.scheduler.CraftAsyncTask.run(CraftAsyncTask.java:57)
	at com.destroystokyo.paper.ServerSchedulerReportingWrapper.run(ServerSchedulerReportingWrapper.java:22)
	at java.base/java.util.concurrent.ThreadPoolExecutor.runWorker(ThreadPoolExecutor.java:1144)
	at java.base/java.util.concurrent.ThreadPoolExecutor$Worker.run(ThreadPoolExecutor.java:642)
	at java.base/java.lang.Thread.run(Thread.java:1583)

[09-10 15:10:16]: [FINE] eXceps logged in 45.135.204.19
[09-10 15:12:09]: [INFO] AuthMe 5.6.0-bCUSTOM disabled!
[09-10 15:15:43]: [INFO] SQLite Setup finished
[09-10 15:15:43]: [INFO] Hooked into LuckPerms!
[09-10 15:15:44]: [INFO] Hooked successfully into Essentials
[09-10 15:15:44]: [INFO] Essentials spawn file not found: '/home/sefa/Desktop/mc-sv-paper/plugins/Essentials/spawn.yml'
[09-10 15:15:45]: [WARN] WARNING! The protectInventory feature requires ProtocolLib! Disabling it...
[09-10 15:15:48]: [INFO] AuthMe 5.6.0 build n.CUSTOM successfully enabled!
[09-10 15:15:53]: [INFO] Downloading GEO IP database, because the old database is older than 30 days or doesn't exist
[09-10 15:15:53]: [WARN] No MaxMind credentials found in the configuration file! GeoIp protections will be disabled.
[09-10 15:15:53]: [INFO] There is no newer GEO IP database uploaded to MaxMind. Using the old one for now.
[09-10 15:15:53]: [WARN] Could not download GeoLiteAPI database [FileNotFoundException]: plugins/AuthMe/GeoLite2-Country.mmdb (No such file or directory)
[09-10 15:15:53]: java.io.FileNotFoundException: plugins/AuthMe/GeoLite2-Country.mmdb (No such file or directory)
	at java.base/java.io.RandomAccessFile.open0(Native Method)
	at java.base/java.io.RandomAccessFile.open(RandomAccessFile.java:356)
	at java.base/java.io.RandomAccessFile.<init>(RandomAccessFile.java:273)
	at java.base/java.io.RandomAccessFile.<init>(RandomAccessFile.java:223)
	at AuthMe-5.6.0.jar//fr.xephi.authme.libs.com.maxmind.db.BufferHolder.<init>(BufferHolder.java:20)
	at AuthMe-5.6.0.jar//fr.xephi.authme.libs.com.maxmind.db.Reader.<init>(Reader.java:121)
	at AuthMe-5.6.0.jar//fr.xephi.authme.service.GeoIpService.startReading(GeoIpService.java:179)
	at AuthMe-5.6.0.jar//fr.xephi.authme.service.GeoIpService.updateDatabase(GeoIpService.java:150)
	at org.bukkit.craftbukkit.scheduler.CraftTask.run(CraftTask.java:78)
	at org.bukkit.craftbukkit.scheduler.CraftAsyncTask.run(CraftAsyncTask.java:57)
	at com.destroystokyo.paper.ServerSchedulerReportingWrapper.run(ServerSchedulerReportingWrapper.java:22)
	at java.base/java.util.concurrent.ThreadPoolExecutor.runWorker(ThreadPoolExecutor.java:1144)
	at java.base/java.util.concurrent.ThreadPoolExecutor$Worker.run(ThreadPoolExecutor.java:642)
	at java.base/java.lang.Thread.run(Thread.java:1583)

[09-11 05:03:49]: [INFO] AuthMe 5.6.0-bCUSTOM disabled!
[09-11 05:08:24]: [INFO] SQLite Setup finished
[09-11 05:08:24]: [INFO] Hooked into LuckPerms!
[09-11 05:08:25]: [INFO] Hooked successfully into Essentials
[09-11 05:08:25]: [INFO] Essentials spawn file not found: '/home/sefa/Desktop/mc-sv-paper/plugins/Essentials/spawn.yml'
[09-11 05:08:26]: [WARN] WARNING! The protectInventory feature requires ProtocolLib! Disabling it...
[09-11 05:08:28]: [INFO] AuthMe 5.6.0 build n.CUSTOM successfully enabled!
[09-11 05:08:34]: [INFO] Downloading GEO IP database, because the old database is older than 30 days or doesn't exist
[09-11 05:08:34]: [WARN] No MaxMind credentials found in the configuration file! GeoIp protections will be disabled.
[09-11 05:08:34]: [INFO] There is no newer GEO IP database uploaded to MaxMind. Using the old one for now.
[09-11 05:08:34]: [WARN] Could not download GeoLiteAPI database [FileNotFoundException]: plugins/AuthMe/GeoLite2-Country.mmdb (No such file or directory)
[09-11 05:08:34]: java.io.FileNotFoundException: plugins/AuthMe/GeoLite2-Country.mmdb (No such file or directory)
	at java.base/java.io.RandomAccessFile.open0(Native Method)
	at java.base/java.io.RandomAccessFile.open(RandomAccessFile.java:356)
	at java.base/java.io.RandomAccessFile.<init>(RandomAccessFile.java:273)
	at java.base/java.io.RandomAccessFile.<init>(RandomAccessFile.java:223)
	at AuthMe-5.6.0.jar//fr.xephi.authme.libs.com.maxmind.db.BufferHolder.<init>(BufferHolder.java:20)
	at AuthMe-5.6.0.jar//fr.xephi.authme.libs.com.maxmind.db.Reader.<init>(Reader.java:121)
	at AuthMe-5.6.0.jar//fr.xephi.authme.service.GeoIpService.startReading(GeoIpService.java:179)
	at AuthMe-5.6.0.jar//fr.xephi.authme.service.GeoIpService.updateDatabase(GeoIpService.java:150)
	at org.bukkit.craftbukkit.scheduler.CraftTask.run(CraftTask.java:78)
	at org.bukkit.craftbukkit.scheduler.CraftAsyncTask.run(CraftAsyncTask.java:57)
	at com.destroystokyo.paper.ServerSchedulerReportingWrapper.run(ServerSchedulerReportingWrapper.java:22)
	at java.base/java.util.concurrent.ThreadPoolExecutor.runWorker(ThreadPoolExecutor.java:1144)
	at java.base/java.util.concurrent.ThreadPoolExecutor$Worker.run(ThreadPoolExecutor.java:642)
	at java.base/java.lang.Thread.run(Thread.java:1583)

[09-11 05:42:29]: [INFO] AuthMe 5.6.0-bCUSTOM disabled!
